["pikartlefair", "zarto", "wee", "jynx", "buter", "pie", "veno", "rhypuff", "beletchangeott", "stalefairtlect", "om", "pary", "politmon", "hydugtrio", "buter", "diglyter", "parod", "belaskharcan", "diglowthel", "story", "fabuton", "gyareon", "parashrewtwo", "litenomacharmie", "grapdoquelak", "nidonaticta", "pidact", "hok", "ra", "sansiryu", "wiggcuntarp", "tar", "vill", "koff", "nidoking", "molder", "nidoddigler", "pidode", "chorboke", "koff", "can", "per", "pix", "magoldudewgolitmon", "weedraterfeaporewth", "pidachansectreevente", "drater", "ratt", "mer", "man", "clectapdoquiryu", "voltrill", "kachd", "arinomonetoish", "slow", "zamp", "saur", "ps", "jiglooltrio", "macham", "sandshreen", "mothe", "vilect", "ar", "omagolituffing", "mie", "ter", "harapikadachopsydos", "der", "gras", "gentabulbaskhauna", "drime", "mimeon", "raste", "exeggut", "chu", "nidgeonythele", "zubasteot", "magneta", "catte", "mew", "sandewtwo", "las", "gringarairl", "arp", "ward", "praichaung", "dodugtrimetcharat", "koffinsiansiankey", "vulpie", "od", "rat", "fetableplumetchanyth", "vee", "mew", "hiryu", "hyhop", "raveng", "golbasta", "tabuzz"]