["pikartlefair", "zarto", "wee", "jynx", "buter", "pie", "veno", "rhypuff", "beletchangeott", "stapdoriler", "meaper", "buzz", "sectreon", "wee", "grater", "pidodrizaprowtherp", "belaskharcan", "diglowthel", "story", "fabuton", "gyareon", "parashrewtwo", "litenomacharmie", "grapdoquelak", "nidonaticta", "pidact", "hok", "ra", "sansiryu", "wiggcuntarp", "tar", "vill", "koff", "nidoking", "mot", "kadabut", "vicunglypno", "poduckingaskharmans", "per", "pix", "magoldudewgolitmon", "weedraterfeaporewth", "pidachansectreeveleow", "pidoduck", "ta", "parow", "karcandeenteodas", "voltrill", "kachd", "arinomonetoish", "slow", "zamp", "saur", "ps", "jiglooltrio", "macoolduo", "jynx", "draveno", "flapikactreong", "exegglytuff", "stacooman", "vulpikan", "rhyhops", "der", "gras", "gentabulbaskhauna", "drime", "mimeon", "raste", "exeggut", "chu", "nidgeonythele", "zubasteot", "magneta", "catte", "mew", "sandewtwo", "las", "gringarairl", "arp", "ward", "praichaung", "dodugtrimetcharat", "koffinsiansiankey", "vulpie", "od", "rat", "fetableplumetchanyth", "vee", "mew", "hiryu", "hyhop", "raveng", "golbasta", "tabuzz", "nidgeonchaur", "chans", "ell", "tacharb", "taur"]